---
source: unc-sdk-macros/src/core_impl/code_generator/item_impl_info.rs
assertion_line: 98
expression: pretty_print_syn_str(&actual).unwrap()
---
#[cfg(target_arch = "wasm32")]
#[no_mangle]
pub extern "C" fn method() {
    ::unc_sdk::env::setup_panic_hook();
    if ::unc_sdk::env::attached_deposit().as_attounc() != 0 {
        ::unc_sdk::env::panic_str("Method method doesn't accept deposit");
    }
    #[derive(::unc_sdk::serde::Deserialize)]
    #[serde(crate = "::unc_sdk::serde")]
    struct Input {
        k: u64,
        m: Bar,
    }
    let Input { k, m }: Input = ::unc_sdk::serde_json::from_slice(
            &::unc_sdk::env::input().expect("Expected input since method has arguments."),
        )
        .expect("Failed to deserialize input from JSON.");
    let mut contract: Hello = ::unc_sdk::env::state_read().unwrap_or_default();
    contract.method(k, m);
    ::unc_sdk::env::state_write(&contract);
}
